==============================================================================
 CloudMatrix Operating Systems Assignment - CSA04 (CO3 / CO4 / CO5)
 CO3.3  FIFO / LRU / OPTIMAL and Belady's anomaly
 Generated : 2026-09-02 06:08:08 UTC
 Python    : 3.12.10 on Windows 11
 Repository: https://github.com/tharuncoder676/OS-ASSIGNMENT
==============================================================================

==============================================================================
 CO3.3  PAGE REPLACEMENT TRACE - CloudMatrix guest-VM workload
==============================================================================
   Reference string W (18 references, 7 distinct pages):
   2, 3, 4, 5, 2, 3, 1, 2, 3, 4, 5, 1, 6, 7, 6, 7, 6, 7

  --- FIFO with 3 frames -------------------------------------------------
     #  Ref   Frames      Event
     1    2    2  -  -    FAULT (free frame)
     2    3    2  3  -    FAULT (free frame)
     3    4    2  3  4    FAULT (free frame)
     4    5    3  4  5    FAULT (evict 2)
     5    2    4  5  2    FAULT (evict 3)
     6    3    5  2  3    FAULT (evict 4)
     7    1    2  3  1    FAULT (evict 5)
     8    2    2  3  1    HIT
     9    3    2  3  1    HIT
    10    4    3  1  4    FAULT (evict 2)
    11    5    1  4  5    FAULT (evict 3)
    12    1    1  4  5    HIT
    13    6    4  5  6    FAULT (evict 1)
    14    7    5  6  7    FAULT (evict 4)
    15    6    5  6  7    HIT
    16    7    5  6  7    HIT
    17    6    5  6  7    HIT
    18    7    5  6  7    HIT
   Page faults = 11 / 18   fault rate = 61.11%   hit ratio = 38.89%

  --- LRU with 3 frames --------------------------------------------------
     #  Ref   Frames      Event
     1    2    2  -  -    FAULT (free frame)
     2    3    2  3  -    FAULT (free frame)
     3    4    2  3  4    FAULT (free frame)
     4    5    3  4  5    FAULT (evict 2)
     5    2    2  4  5    FAULT (evict 3)
     6    3    2  3  5    FAULT (evict 4)
     7    1    1  2  3    FAULT (evict 5)
     8    2    1  2  3    HIT
     9    3    1  2  3    HIT
    10    4    2  3  4    FAULT (evict 1)
    11    5    3  4  5    FAULT (evict 2)
    12    1    1  4  5    FAULT (evict 3)
    13    6    1  5  6    FAULT (evict 4)
    14    7    1  6  7    FAULT (evict 5)
    15    6    1  6  7    HIT
    16    7    1  6  7    HIT
    17    6    1  6  7    HIT
    18    7    1  6  7    HIT
   Page faults = 12 / 18   fault rate = 66.67%   hit ratio = 33.33%

  --- OPTIMAL with 3 frames ----------------------------------------------
     #  Ref   Frames      Event
     1    2    2  -  -    FAULT (free frame)
     2    3    2  3  -    FAULT (free frame)
     3    4    2  3  4    FAULT (free frame)
     4    5    2  3  5    FAULT (evict 4)
     5    2    2  3  5    HIT
     6    3    2  3  5    HIT
     7    1    1  2  3    FAULT (evict 5)
     8    2    1  2  3    HIT
     9    3    1  2  3    HIT
    10    4    1  3  4    FAULT (evict 2)
    11    5    1  4  5    FAULT (evict 3)
    12    1    1  4  5    HIT
    13    6    4  5  6    FAULT (evict 1)
    14    7    5  6  7    FAULT (evict 4)
    15    6    5  6  7    HIT
    16    7    5  6  7    HIT
    17    6    5  6  7    HIT
    18    7    5  6  7    HIT
   Page faults = 9 / 18   fault rate = 50.00%   hit ratio = 50.00%

  --- FIFO with 4 frames -------------------------------------------------
     #  Ref   Frames         Event
     1    2    2  -  -  -    FAULT (free frame)
     2    3    2  3  -  -    FAULT (free frame)
     3    4    2  3  4  -    FAULT (free frame)
     4    5    2  3  4  5    FAULT (free frame)
     5    2    2  3  4  5    HIT
     6    3    2  3  4  5    HIT
     7    1    3  4  5  1    FAULT (evict 2)
     8    2    4  5  1  2    FAULT (evict 3)
     9    3    5  1  2  3    FAULT (evict 4)
    10    4    1  2  3  4    FAULT (evict 5)
    11    5    2  3  4  5    FAULT (evict 1)
    12    1    3  4  5  1    FAULT (evict 2)
    13    6    4  5  1  6    FAULT (evict 3)
    14    7    5  1  6  7    FAULT (evict 4)
    15    6    5  1  6  7    HIT
    16    7    5  1  6  7    HIT
    17    6    5  1  6  7    HIT
    18    7    5  1  6  7    HIT
   Page faults = 12 / 18   fault rate = 66.67%   hit ratio = 33.33%

  --- LRU with 4 frames --------------------------------------------------
     #  Ref   Frames         Event
     1    2    2  -  -  -    FAULT (free frame)
     2    3    2  3  -  -    FAULT (free frame)
     3    4    2  3  4  -    FAULT (free frame)
     4    5    2  3  4  5    FAULT (free frame)
     5    2    2  3  4  5    HIT
     6    3    2  3  4  5    HIT
     7    1    1  2  3  5    FAULT (evict 4)
     8    2    1  2  3  5    HIT
     9    3    1  2  3  5    HIT
    10    4    1  2  3  4    FAULT (evict 5)
    11    5    2  3  4  5    FAULT (evict 1)
    12    1    1  3  4  5    FAULT (evict 2)
    13    6    1  4  5  6    FAULT (evict 3)
    14    7    1  5  6  7    FAULT (evict 4)
    15    6    1  5  6  7    HIT
    16    7    1  5  6  7    HIT
    17    6    1  5  6  7    HIT
    18    7    1  5  6  7    HIT
   Page faults = 10 / 18   fault rate = 55.56%   hit ratio = 44.44%

  --- OPTIMAL with 4 frames ----------------------------------------------
     #  Ref   Frames         Event
     1    2    2  -  -  -    FAULT (free frame)
     2    3    2  3  -  -    FAULT (free frame)
     3    4    2  3  4  -    FAULT (free frame)
     4    5    2  3  4  5    FAULT (free frame)
     5    2    2  3  4  5    HIT
     6    3    2  3  4  5    HIT
     7    1    1  2  3  4    FAULT (evict 5)
     8    2    1  2  3  4    HIT
     9    3    1  2  3  4    HIT
    10    4    1  2  3  4    HIT
    11    5    1  3  4  5    FAULT (evict 2)
    12    1    1  3  4  5    HIT
    13    6    1  4  5  6    FAULT (evict 3)
    14    7    1  5  6  7    FAULT (evict 4)
    15    6    1  5  6  7    HIT
    16    7    1  5  6  7    HIT
    17    6    1  5  6  7    HIT
    18    7    1  5  6  7    HIT
   Page faults = 8 / 18   fault rate = 44.44%   hit ratio = 55.56%

==============================================================================
 CO3.3  SUMMARY - page faults by algorithm and frame allocation
==============================================================================
   Algorithm       3 frames    4 frames      Change   Fault rate (4f)
   FIFO                  11          12 ANOMALY + 1            66.67%
   LRU                   12          10  improves 2            55.56%
   OPTIMAL                9           8  improves 1            44.44%

==============================================================================
 CO3.3  BELADY'S ANOMALY TEST
==============================================================================
   FIFO: 11 faults with 3 frames -> 12 faults with 4 frames.
   ANOMALY CONFIRMED. Adding a frame made FIFO strictly worse
   on this trace (1 extra fault(s), 9.1% regression).
   LRU: 12 -> 10 faults. No anomaly (stack algorithm, provably immune).
   OPTIMAL: 9 -> 8 faults. No anomaly (stack algorithm, provably immune).

   Engineering consequence for CloudMatrix: because FIFO is not a stack
   algorithm, the inclusion property mu(m) subset-of mu(m+1) does not hold,
   so a memory-ballooning controller that hands a guest extra frames has
   NO monotonic guarantee of fewer faults under FIFO. LRU and OPT are
   stack algorithms and cannot regress, which is decisive for a platform
   whose frames are continuously resized by the balloon driver.

==============================================================================
 Completed in 0.000 s
==============================================================================
